// Jest Snapshot v1, https://goo.gl/fbAQLP

exports[`Should correctly render ExpensesSummary component 1`] = `
<div>
  <p>
    Viewing 
    <span />
     
    expenses
     totalling 
    <span>
      $0.00
    </span>
  </p>
</div>
`;
